
> cheezybite@0.1.0 build
> next build

node.exe :  ΓÜá Invalid 
next.config.js options 
detected: 
At line:1 char:1
+ & 
"C:\nvm4w\nodejs/node.exe" "
C:\nvm4w\nodejs/node_modules
/npm/bin/np ...
+ ~~~~~~~~~~~~~~~~~~~~~~~~~~
~~~~~~~~~~~~~~~~~~~~~~~~~~~~
~~~~~~~~~~~~~~~
    + CategoryInfo          
    : NotSpecified: ( ΓÜá   
  Invalid ne...ions detec   
 ted: :String) [], Remot    
eException
    + FullyQualifiedErrorId 
    : NativeCommandError
 
 ΓÜá     Unrecognized 
key(s) in object: 'appDir' 
at "experimental"
 ΓÜá See more info here: htt
ps://nextjs.org/docs/message
s/invalid-next-config
   Γû▓ Next.js 16.0.10 (Turbopack)
   - Experiments (use with caution):
     ? appDir (invalid experimental key)

   Creating an optimized production build ...

> Build error occurred
Error: Turbopack build 
failed with 4 errors:
./src/app/context/AdminConte
xt.js:4:1
Export DEFAULT_PIZZAS 
doesn't exist in target 
module
[0m [90m  2 |[39m
 [90m  3 |[39m 
[36mimport[39m 
[33mReact[39m[33m,[39m 
{ createContext[33m,[39m 
useState[33m,[39m 
useEffect[33m,[39m 
useCallback[33m,[39m 
useContext } [36mfrom[39m 
[32m'react'[39m[33m;[39m
[31m[1m>[22m[39m[90m  
4 |[39m [36mimport[39m {
 [90m    |[39m [31m[1m^
[22m[39m[31m[1m^[22m[39
m[31m[1m^[22m[39m[31m[
1m^[22m[39m[31m[1m^[22m
[39m[31m[1m^[22m[39m[3
1m[1m^[22m[39m[31m[1m^
[22m[39m
[31m[1m>[22m[39m[90m  
5 |[39m     
loadPizzas[33m,[39m 
savePizzas[33m,[39m
 [90m    |[39m [31m[1m^
[22m[39m[31m[1m^[22m[39
m[31m[1m^[22m[39m[31m[
1m^[22m[39m[31m[1m^[22m
[39m[31m[1m^[22m[39m[3
1m[1m^[22m[39m[31m[1m^
[22m[39m[31m[1m^[22m[39
m[31m[1m^[22m[39m[31m[
1m^[22m[39m[31m[1m^[22m
[39m[31m[1m^[22m[39m[3
1m[1m^[22m[39m[31m[1m^
[22m[39m[31m[1m^[22m[39
m[31m[1m^[22m[39m[31m[
1m^[22m[39m[31m[1m^[22m
[39m[31m[1m^[22m[39m[3
1m[1m^[22m[39m[31m[1m^
[22m[39m[31m[1m^[22m[39
m[31m[1m^[22m[39m[31m[
1m^[22m[39m[31m[1m^[22m
[39m[31m[1m^[22m[39m
[31m[1m>[22m[39m[90m  
6 |[39m     
loadToppings[33m,[39m 
saveToppings[33m,[39m
 [90m    |[39m [31m[1m^
[22m[39m[31m[1m^[22m[39
m[31m[1m^[22m[39m[31m[
1m^[22m[39m[31m[1m^[22m
[39m[31m[1m^[22m[39m[3
1m[1m^[22m[39m[31m[1m^
[22m[39m[31m[1m^[22m[39
m[31m[1m^[22m[39m[31m[
1m^[22m[39m[31m[1m^[22m
[39m[31m[1m^[22m[39m[3
1m[1m^[22m[39m[31m[1m^
[22m[39m[31m[1m^[22m[39
m[31m[1m^[22m[39m[31m[
1m^[22m[39m[31m[1m^[22m
[39m[31m[1m^[22m[39m[3
1m[1m^[22m[39m[31m[1m^
[22m[39m[31m[1m^[22m[39
m[31m[1m^[22m[39m[31m[
1m^[22m[39m[31m[1m^[22m
[39m[31m[1m^[22m[39m
[31m[1m>[22m[39m[90m  
7 |[39m     
loadAllOrders[33m,[39m 
saveAllOrders[33m,[39m 
updateOrderStatus 
[36mas[39m updateOrderInSt
orage[33m,[39m
 [90m    |[39m [31m[1m^
[22m[39m[31m[1m^[22m[39
m[31m[1m^[22m[39m[31m[
1m^[22m[39m[31m[1m^[22m
[39m[31m[1m^[22m[39m[3
1m[1m^[22m[39m[31m[1m^
[22m[39m[31m[1m^[22m[39
m[31m[1m^[22m[39m[31m[
1m^[22m[39m[31m[1m^[22m
[39m[31m[1m^[22m[39m[3
1m[1m^[22m[39m[31m[1m^
[22m[39m[31m[1m^[22m[39
m[31m[1m^[22m[39m[31m[
1m^[22m[39m[31m[1m^[22m
[39m[31m[1m^[22m[39m[3
1m[1m^[22m[39m[31m[1m^
[22m[39m[31m[1m^[22m[39
m[31m[1m^[22m[39m[31m[
1m^[22m[39m[31m[1m^[22m
[39m[31m[1m^[22m[39m
[31m[1m>[22m[39m[90m  
8 |[39m     
isAdminLoggedIn[33m,[39m 
adminLogin [36mas[39m 
doAdminLogin[33m,[39m 
adminLogout [36mas[39m 
doAdminLogout[33m,[39m
 [90m    |[39m [31m[1m^
[22m[39m[31m[1m^[22m[39
m[31m[1m^[22m[39m[31m[
1m^[22m[39m[31m[1m^[22m
[39m[31m[1m^[22m[39m[3
1m[1m^[22m[39m[31m[1m^
[22m[39m[31m[1m^[22m[39
m[31m[1m^[22m[39m[31m[
1m^[22m[39m[31m[1m^[22m
[39m[31m[1m^[22m[39m[3
1m[1m^[22m[39m[31m[1m^
[22m[39m[31m[1m^[22m[39
m[31m[1m^[22m[39m[31m[
1m^[22m[39m[31m[1m^[22m
[39m[31m[1m^[22m[39m[3
1m[1m^[22m[39m[31m[1m^
[22m[39m[31m[1m^[22m[39
m[31m[1m^[22m[39m[31m[
1m^[22m[39m[31m[1m^[22m
[39m[31m[1m^[22m[39m
[31m[1m>[22m[39m[90m  
9 |[39m     
getAnalyticsData[33m,[39m
 [90m    |[39m [31m[1m^
[22m[39m[31m[1m^[22m[39
m[31m[1m^[22m[39m[31m[
1m^[22m[39m[31m[1m^[22m
[39m[31m[1m^[22m[39m[3
1m[1m^[22m[39m[31m[1m^
[22m[39m[31m[1m^[22m[39
m[31m[1m^[22m[39m[31m[
1m^[22m[39m[31m[1m^[22m
[39m[31m[1m^[22m[39m[3
1m[1m^[22m[39m[31m[1m^
[22m[39m[31m[1m^[22m[39
m[31m[1m^[22m[39m[31m[
1m^[22m[39m[31m[1m^[22m
[39m[31m[1m^[22m[39m[3
1m[1m^[22m[39m[31m[1m^
[22m[39m[31m[1m^[22m[39
m[31m[1m^[22m[39m[31m[
1m^[22m[39m[31m[1m^[22m
[39m[31m[1m^[22m[39m
[31m[1m>[22m[39m[90m 
10 |[39m     [33mDEFAULT_P
IZZAS[39m[33m,[39m 
[33mDEFAULT_TOPPINGS[39m
 [90m    |[39m [31m[1m^
[22m[39m[31m[1m^[22m[39
m[31m[1m^[22m[39m[31m[
1m^[22m[39m[31m[1m^[22m
[39m[31m[1m^[22m[39m[3
1m[1m^[22m[39m[31m[1m^
[22m[39m[31m[1m^[22m[39
m[31m[1m^[22m[39m[31m[
1m^[22m[39m[31m[1m^[22m
[39m[31m[1m^[22m[39m[3
1m[1m^[22m[39m[31m[1m^
[22m[39m[31m[1m^[22m[39
m[31m[1m^[22m[39m[31m[
1m^[22m[39m[31m[1m^[22m
[39m[31m[1m^[22m[39m[3
1m[1m^[22m[39m[31m[1m^
[22m[39m[31m[1m^[22m[39
m[31m[1m^[22m[39m[31m[
1m^[22m[39m[31m[1m^[22m
[39m[31m[1m^[22m[39m
[31m[1m>[22m[39m[90m 
11 |[39m } [36mfrom[39m 
[32m'../utils/adminStorageHe
lper'[39m[33m;[39m
 [90m    |[39m [31m[1m^
[22m[39m[31m[1m^[22m[39
m[31m[1m^[22m[39m[31m[
1m^[22m[39m[31m[1m^[22m
[39m[31m[1m^[22m[39m[3
1m[1m^[22m[39m[31m[1m^
[22m[39m[31m[1m^[22m[39
m[31m[1m^[22m[39m[31m[
1m^[22m[39m[31m[1m^[22m
[39m[31m[1m^[22m[39m[3
1m[1m^[22m[39m[31m[1m^
[22m[39m[31m[1m^[22m[39
m[31m[1m^[22m[39m[31m[
1m^[22m[39m[31m[1m^[22m
[39m[31m[1m^[22m[39m[3
1m[1m^[22m[39m[31m[1m^
[22m[39m[31m[1m^[22m[39
m[31m[1m^[22m[39m[31m[
1m^[22m[39m[31m[1m^[22m
[39m[31m[1m^[22m[39m[3
1m[1m^[22m[39m[31m[1m^
[22m[39m[31m[1m^[22m[39
m[31m[1m^[22m[39m[31m[
1m^[22m[39m[31m[1m^[22m
[39m[31m[1m^[22m[39m[3
1m[1m^[22m[39m[31m[1m^
[22m[39m[31m[1m^[22m[39
m[31m[1m^[22m[39m
 [90m 12 |[39m 
[36mimport[39m toast 
[36mfrom[39m [32m'react-h
ot-toast'[39m[33m;[39m
 [90m 13 |[39m
 [90m 14 |[39m 
[36mexport[39m 
[36mconst[39m 
[33mAdminContext[39m 
[33m=[39m createContext()
[33m;[39m[0m

The export DEFAULT_PIZZAS 
was not found in module [pro
ject]/src/app/utils/adminSto
rageHelper.js [app-client] 
(ecmascript).
Did you mean to import 
isAdminLoggedIn?
All exports of the module 
are statically known (It 
doesn't have dynamic 
exports). So it's known 
statically that the 
requested export doesn't 
exist.

Import traces:
  Server Component:
    ./src/app/context/AdminC
ontext.js
    
./src/app/admin/layout.js

  Client Component Browser:
    ./src/app/context/AdminC
ontext.js [Client Component 
Browser]
    ./src/app/admin/pizzas/p
age.js [Client Component 
Browser]
    ./src/app/admin/pizzas/p
age.js [Server Component]

  Client Component SSR:
    ./src/app/context/AdminC
ontext.js [Client Component 
SSR]
    ./src/app/admin/pizzas/p
age.js [Client Component 
SSR]
    ./src/app/admin/pizzas/p
age.js [Server Component]


./src/app/context/AdminConte
xt.js:4:1
Export DEFAULT_PIZZAS 
doesn't exist in target 
module
[0m [90m  2 |[39m
 [90m  3 |[39m 
[36mimport[39m 
[33mReact[39m[33m,[39m 
{ createContext[33m,[39m 
useState[33m,[39m 
useEffect[33m,[39m 
useCallback[33m,[39m 
useContext } [36mfrom[39m 
[32m'react'[39m[33m;[39m
[31m[1m>[22m[39m[90m  
4 |[39m [36mimport[39m {
 [90m    |[39m [31m[1m^
[22m[39m[31m[1m^[22m[39
m[31m[1m^[22m[39m[31m[
1m^[22m[39m[31m[1m^[22m
[39m[31m[1m^[22m[39m[3
1m[1m^[22m[39m[31m[1m^
[22m[39m
[31m[1m>[22m[39m[90m  
5 |[39m     
loadPizzas[33m,[39m 
savePizzas[33m,[39m
 [90m    |[39m [31m[1m^
[22m[39m[31m[1m^[22m[39
m[31m[1m^[22m[39m[31m[
1m^[22m[39m[31m[1m^[22m
[39m[31m[1m^[22m[39m[3
1m[1m^[22m[39m[31m[1m^
[22m[39m[31m[1m^[22m[39
m[31m[1m^[22m[39m[31m[
1m^[22m[39m[31m[1m^[22m
[39m[31m[1m^[22m[39m[3
1m[1m^[22m[39m[31m[1m^
[22m[39m[31m[1m^[22m[39
m[31m[1m^[22m[39m[31m[
1m^[22m[39m[31m[1m^[22m
[39m[31m[1m^[22m[39m[3
1m[1m^[22m[39m[31m[1m^
[22m[39m[31m[1m^[22m[39
m[31m[1m^[22m[39m[31m[
1m^[22m[39m[31m[1m^[22m
[39m[31m[1m^[22m[39m
[31m[1m>[22m[39m[90m  
6 |[39m     
loadToppings[33m,[39m 
saveToppings[33m,[39m
 [90m    |[39m [31m[1m^
[22m[39m[31m[1m^[22m[39
m[31m[1m^[22m[39m[31m[
1m^[22m[39m[31m[1m^[22m
[39m[31m[1m^[22m[39m[3
1m[1m^[22m[39m[31m[1m^
[22m[39m[31m[1m^[22m[39
m[31m[1m^[22m[39m[31m[
1m^[22m[39m[31m[1m^[22m
[39m[31m[1m^[22m[39m[3
1m[1m^[22m[39m[31m[1m^
[22m[39m[31m[1m^[22m[39
m[31m[1m^[22m[39m[31m[
1m^[22m[39m[31m[1m^[22m
[39m[31m[1m^[22m[39m[3
1m[1m^[22m[39m[31m[1m^
[22m[39m[31m[1m^[22m[39
m[31m[1m^[22m[39m[31m[
1m^[22m[39m[31m[1m^[22m
[39m[31m[1m^[22m[39m
[31m[1m>[22m[39m[90m  
7 |[39m     
loadAllOrders[33m,[39m 
saveAllOrders[33m,[39m 
updateOrderStatus 
[36mas[39m updateOrderInSt
orage[33m,[39m
 [90m    |[39m [31m[1m^
[22m[39m[31m[1m^[22m[39
m[31m[1m^[22m[39m[31m[
1m^[22m[39m[31m[1m^[22m
[39m[31m[1m^[22m[39m[3
1m[1m^[22m[39m[31m[1m^
[22m[39m[31m[1m^[22m[39
m[31m[1m^[22m[39m[31m[
1m^[22m[39m[31m[1m^[22m
[39m[31m[1m^[22m[39m[3
1m[1m^[22m[39m[31m[1m^
[22m[39m[31m[1m^[22m[39
m[31m[1m^[22m[39m[31m[
1m^[22m[39m[31m[1m^[22m
[39m[31m[1m^[22m[39m[3
1m[1m^[22m[39m[31m[1m^
[22m[39m[31m[1m^[22m[39
m[31m[1m^[22m[39m[31m[
1m^[22m[39m[31m[1m^[22m
[39m[31m[1m^[22m[39m
[31m[1m>[22m[39m[90m  
8 |[39m     
isAdminLoggedIn[33m,[39m 
adminLogin [36mas[39m 
doAdminLogin[33m,[39m 
adminLogout [36mas[39m 
doAdminLogout[33m,[39m
 [90m    |[39m [31m[1m^
[22m[39m[31m[1m^[22m[39
m[31m[1m^[22m[39m[31m[
1m^[22m[39m[31m[1m^[22m
[39m[31m[1m^[22m[39m[3
1m[1m^[22m[39m[31m[1m^
[22m[39m[31m[1m^[22m[39
m[31m[1m^[22m[39m[31m[
1m^[22m[39m[31m[1m^[22m
[39m[31m[1m^[22m[39m[3
1m[1m^[22m[39m[31m[1m^
[22m[39m[31m[1m^[22m[39
m[31m[1m^[22m[39m[31m[
1m^[22m[39m[31m[1m^[22m
[39m[31m[1m^[22m[39m[3
1m[1m^[22m[39m[31m[1m^
[22m[39m[31m[1m^[22m[39
m[31m[1m^[22m[39m[31m[
1m^[22m[39m[31m[1m^[22m
[39m[31m[1m^[22m[39m
[31m[1m>[22m[39m[90m  
9 |[39m     
getAnalyticsData[33m,[39m
 [90m    |[39m [31m[1m^
[22m[39m[31m[1m^[22m[39
m[31m[1m^[22m[39m[31m[
1m^[22m[39m[31m[1m^[22m
[39m[31m[1m^[22m[39m[3
1m[1m^[22m[39m[31m[1m^
[22m[39m[31m[1m^[22m[39
m[31m[1m^[22m[39m[31m[
1m^[22m[39m[31m[1m^[22m
[39m[31m[1m^[22m[39m[3
1m[1m^[22m[39m[31m[1m^
[22m[39m[31m[1m^[22m[39
m[31m[1m^[22m[39m[31m[
1m^[22m[39m[31m[1m^[22m
[39m[31m[1m^[22m[39m[3
1m[1m^[22m[39m[31m[1m^
[22m[39m[31m[1m^[22m[39
m[31m[1m^[22m[39m[31m[
1m^[22m[39m[31m[1m^[22m
[39m[31m[1m^[22m[39m
[31m[1m>[22m[39m[90m 
10 |[39m     [33mDEFAULT_P
IZZAS[39m[33m,[39m 
[33mDEFAULT_TOPPINGS[39m
 [90m    |[39m [31m[1m^
[22m[39m[31m[1m^[22m[39
m[31m[1m^[22m[39m[31m[
1m^[22m[39m[31m[1m^[22m
[39m[31m[1m^[22m[39m[3
1m[1m^[22m[39m[31m[1m^
[22m[39m[31m[1m^[22m[39
m[31m[1m^[22m[39m[31m[
1m^[22m[39m[31m[1m^[22m
[39m[31m[1m^[22m[39m[3
1m[1m^[22m[39m[31m[1m^
[22m[39m[31m[1m^[22m[39
m[31m[1m^[22m[39m[31m[
1m^[22m[39m[31m[1m^[22m
[39m[31m[1m^[22m[39m[3
1m[1m^[22m[39m[31m[1m^
[22m[39m[31m[1m^[22m[39
m[31m[1m^[22m[39m[31m[
1m^[22m[39m[31m[1m^[22m
[39m[31m[1m^[22m[39m
[31m[1m>[22m[39m[90m 
11 |[39m } [36mfrom[39m 
[32m'../utils/adminStorageHe
lper'[39m[33m;[39m
 [90m    |[39m [31m[1m^
[22m[39m[31m[1m^[22m[39
m[31m[1m^[22m[39m[31m[
1m^[22m[39m[31m[1m^[22m
[39m[31m[1m^[22m[39m[3
1m[1m^[22m[39m[31m[1m^
[22m[39m[31m[1m^[22m[39
m[31m[1m^[22m[39m[31m[
1m^[22m[39m[31m[1m^[22m
[39m[31m[1m^[22m[39m[3
1m[1m^[22m[39m[31m[1m^
[22m[39m[31m[1m^[22m[39
m[31m[1m^[22m[39m[31m[
1m^[22m[39m[31m[1m^[22m
[39m[31m[1m^[22m[39m[3
1m[1m^[22m[39m[31m[1m^
[22m[39m[31m[1m^[22m[39
m[31m[1m^[22m[39m[31m[
1m^[22m[39m[31m[1m^[22m
[39m[31m[1m^[22m[39m[3
1m[1m^[22m[39m[31m[1m^
[22m[39m[31m[1m^[22m[39
m[31m[1m^[22m[39m[31m[
1m^[22m[39m[31m[1m^[22m
[39m[31m[1m^[22m[39m[3
1m[1m^[22m[39m[31m[1m^
[22m[39m[31m[1m^[22m[39
m[31m[1m^[22m[39m
 [90m 12 |[39m 
[36mimport[39m toast 
[36mfrom[39m [32m'react-h
ot-toast'[39m[33m;[39m
 [90m 13 |[39m
 [90m 14 |[39m 
[36mexport[39m 
[36mconst[39m 
[33mAdminContext[39m 
[33m=[39m createContext()
[33m;[39m[0m

The export DEFAULT_PIZZAS 
was not found in module [pro
ject]/src/app/utils/adminSto
rageHelper.js [app-ssr] 
(ecmascript).
Did you mean to import 
isAdminLoggedIn?
All exports of the module 
are statically known (It 
doesn't have dynamic 
exports). So it's known 
statically that the 
requested export doesn't 
exist.

Import traces:
  Server Component:
    ./src/app/context/AdminC
ontext.js
    
./src/app/admin/layout.js

  Client Component Browser:
    ./src/app/context/AdminC
ontext.js [Client Component 
Browser]
    ./src/app/admin/pizzas/p
age.js [Client Component 
Browser]
    ./src/app/admin/pizzas/p
age.js [Server Component]

  Client Component SSR:
    ./src/app/context/AdminC
ontext.js [Client Component 
SSR]
    ./src/app/admin/pizzas/p
age.js [Client Component 
SSR]
    ./src/app/admin/pizzas/p
age.js [Server Component]


./src/app/context/AdminConte
xt.js:4:1
Export DEFAULT_TOPPINGS 
doesn't exist in target 
module
[0m [90m  2 |[39m
 [90m  3 |[39m 
[36mimport[39m 
[33mReact[39m[33m,[39m 
{ createContext[33m,[39m 
useState[33m,[39m 
useEffect[33m,[39m 
useCallback[33m,[39m 
useContext } [36mfrom[39m 
[32m'react'[39m[33m;[39m
[31m[1m>[22m[39m[90m  
4 |[39m [36mimport[39m {
 [90m    |[39m [31m[1m^
[22m[39m[31m[1m^[22m[39
m[31m[1m^[22m[39m[31m[
1m^[22m[39m[31m[1m^[22m
[39m[31m[1m^[22m[39m[3
1m[1m^[22m[39m[31m[1m^
[22m[39m
[31m[1m>[22m[39m[90m  
5 |[39m     
loadPizzas[33m,[39m 
savePizzas[33m,[39m
 [90m    |[39m [31m[1m^
[22m[39m[31m[1m^[22m[39
m[31m[1m^[22m[39m[31m[
1m^[22m[39m[31m[1m^[22m
[39m[31m[1m^[22m[39m[3
1m[1m^[22m[39m[31m[1m^
[22m[39m[31m[1m^[22m[39
m[31m[1m^[22m[39m[31m[
1m^[22m[39m[31m[1m^[22m
[39m[31m[1m^[22m[39m[3
1m[1m^[22m[39m[31m[1m^
[22m[39m[31m[1m^[22m[39
m[31m[1m^[22m[39m[31m[
1m^[22m[39m[31m[1m^[22m
[39m[31m[1m^[22m[39m[3
1m[1m^[22m[39m[31m[1m^
[22m[39m[31m[1m^[22m[39
m[31m[1m^[22m[39m[31m[
1m^[22m[39m[31m[1m^[22m
[39m[31m[1m^[22m[39m
[31m[1m>[22m[39m[90m  
6 |[39m     
loadToppings[33m,[39m 
saveToppings[33m,[39m
 [90m    |[39m [31m[1m^
[22m[39m[31m[1m^[22m[39
m[31m[1m^[22m[39m[31m[
1m^[22m[39m[31m[1m^[22m
[39m[31m[1m^[22m[39m[3
1m[1m^[22m[39m[31m[1m^
[22m[39m[31m[1m^[22m[39
m[31m[1m^[22m[39m[31m[
1m^[22m[39m[31m[1m^[22m
[39m[31m[1m^[22m[39m[3
1m[1m^[22m[39m[31m[1m^
[22m[39m[31m[1m^[22m[39
m[31m[1m^[22m[39m[31m[
1m^[22m[39m[31m[1m^[22m
[39m[31m[1m^[22m[39m[3
1m[1m^[22m[39m[31m[1m^
[22m[39m[31m[1m^[22m[39
m[31m[1m^[22m[39m[31m[
1m^[22m[39m[31m[1m^[22m
[39m[31m[1m^[22m[39m
[31m[1m>[22m[39m[90m  
7 |[39m     
loadAllOrders[33m,[39m 
saveAllOrders[33m,[39m 
updateOrderStatus 
[36mas[39m updateOrderInSt
orage[33m,[39m
 [90m    |[39m [31m[1m^
[22m[39m[31m[1m^[22m[39
m[31m[1m^[22m[39m[31m[
1m^[22m[39m[31m[1m^[22m
[39m[31m[1m^[22m[39m[3
1m[1m^[22m[39m[31m[1m^
[22m[39m[31m[1m^[22m[39
m[31m[1m^[22m[39m[31m[
1m^[22m[39m[31m[1m^[22m
[39m[31m[1m^[22m[39m[3
1m[1m^[22m[39m[31m[1m^
[22m[39m[31m[1m^[22m[39
m[31m[1m^[22m[39m[31m[
1m^[22m[39m[31m[1m^[22m
[39m[31m[1m^[22m[39m[3
1m[1m^[22m[39m[31m[1m^
[22m[39m[31m[1m^[22m[39
m[31m[1m^[22m[39m[31m[
1m^[22m[39m[31m[1m^[22m
[39m[31m[1m^[22m[39m
[31m[1m>[22m[39m[90m  
8 |[39m     
isAdminLoggedIn[33m,[39m 
adminLogin [36mas[39m 
doAdminLogin[33m,[39m 
adminLogout [36mas[39m 
doAdminLogout[33m,[39m
 [90m    |[39m [31m[1m^
[22m[39m[31m[1m^[22m[39
m[31m[1m^[22m[39m[31m[
1m^[22m[39m[31m[1m^[22m
[39m[31m[1m^[22m[39m[3
1m[1m^[22m[39m[31m[1m^
[22m[39m[31m[1m^[22m[39
m[31m[1m^[22m[39m[31m[
1m^[22m[39m[31m[1m^[22m
[39m[31m[1m^[22m[39m[3
1m[1m^[22m[39m[31m[1m^
[22m[39m[31m[1m^[22m[39
m[31m[1m^[22m[39m[31m[
1m^[22m[39m[31m[1m^[22m
[39m[31m[1m^[22m[39m[3
1m[1m^[22m[39m[31m[1m^
[22m[39m[31m[1m^[22m[39
m[31m[1m^[22m[39m[31m[
1m^[22m[39m[31m[1m^[22m
[39m[31m[1m^[22m[39m
[31m[1m>[22m[39m[90m  
9 |[39m     
getAnalyticsData[33m,[39m
 [90m    |[39m [31m[1m^
[22m[39m[31m[1m^[22m[39
m[31m[1m^[22m[39m[31m[
1m^[22m[39m[31m[1m^[22m
[39m[31m[1m^[22m[39m[3
1m[1m^[22m[39m[31m[1m^
[22m[39m[31m[1m^[22m[39
m[31m[1m^[22m[39m[31m[
1m^[22m[39m[31m[1m^[22m
[39m[31m[1m^[22m[39m[3
1m[1m^[22m[39m[31m[1m^
[22m[39m[31m[1m^[22m[39
m[31m[1m^[22m[39m[31m[
1m^[22m[39m[31m[1m^[22m
[39m[31m[1m^[22m[39m[3
1m[1m^[22m[39m[31m[1m^
[22m[39m[31m[1m^[22m[39
m[31m[1m^[22m[39m[31m[
1m^[22m[39m[31m[1m^[22m
[39m[31m[1m^[22m[39m
[31m[1m>[22m[39m[90m 
10 |[39m     [33mDEFAULT_P
IZZAS[39m[33m,[39m 
[33mDEFAULT_TOPPINGS[39m
 [90m    |[39m [31m[1m^
[22m[39m[31m[1m^[22m[39
m[31m[1m^[22m[39m[31m[
1m^[22m[39m[31m[1m^[22m
[39m[31m[1m^[22m[39m[3
1m[1m^[22m[39m[31m[1m^
[22m[39m[31m[1m^[22m[39
m[31m[1m^[22m[39m[31m[
1m^[22m[39m[31m[1m^[22m
[39m[31m[1m^[22m[39m[3
1m[1m^[22m[39m[31m[1m^
[22m[39m[31m[1m^[22m[39
m[31m[1m^[22m[39m[31m[
1m^[22m[39m[31m[1m^[22m
[39m[31m[1m^[22m[39m[3
1m[1m^[22m[39m[31m[1m^
[22m[39m[31m[1m^[22m[39
m[31m[1m^[22m[39m[31m[
1m^[22m[39m[31m[1m^[22m
[39m[31m[1m^[22m[39m
[31m[1m>[22m[39m[90m 
11 |[39m } [36mfrom[39m 
[32m'../utils/adminStorageHe
lper'[39m[33m;[39m
 [90m    |[39m [31m[1m^
[22m[39m[31m[1m^[22m[39
m[31m[1m^[22m[39m[31m[
1m^[22m[39m[31m[1m^[22m
[39m[31m[1m^[22m[39m[3
1m[1m^[22m[39m[31m[1m^
[22m[39m[31m[1m^[22m[39
m[31m[1m^[22m[39m[31m[
1m^[22m[39m[31m[1m^[22m
[39m[31m[1m^[22m[39m[3
1m[1m^[22m[39m[31m[1m^
[22m[39m[31m[1m^[22m[39
m[31m[1m^[22m[39m[31m[
1m^[22m[39m[31m[1m^[22m
[39m[31m[1m^[22m[39m[3
1m[1m^[22m[39m[31m[1m^
[22m[39m[31m[1m^[22m[39
m[31m[1m^[22m[39m[31m[
1m^[22m[39m[31m[1m^[22m
[39m[31m[1m^[22m[39m[3
1m[1m^[22m[39m[31m[1m^
[22m[39m[31m[1m^[22m[39
m[31m[1m^[22m[39m[31m[
1m^[22m[39m[31m[1m^[22m
[39m[31m[1m^[22m[39m[3
1m[1m^[22m[39m[31m[1m^
[22m[39m[31m[1m^[22m[39
m[31m[1m^[22m[39m
 [90m 12 |[39m 
[36mimport[39m toast 
[36mfrom[39m [32m'react-h
ot-toast'[39m[33m;[39m
 [90m 13 |[39m
 [90m 14 |[39m 
[36mexport[39m 
[36mconst[39m 
[33mAdminContext[39m 
[33m=[39m createContext()
[33m;[39m[0m

The export DEFAULT_TOPPINGS 
was not found in module [pro
ject]/src/app/utils/adminSto
rageHelper.js [app-client] 
(ecmascript).
Did you mean to import 
isAdminLoggedIn?
All exports of the module 
are statically known (It 
doesn't have dynamic 
exports). So it's known 
statically that the 
requested export doesn't 
exist.

Import traces:
  Server Component:
    ./src/app/context/AdminC
ontext.js
    
./src/app/admin/layout.js

  Client Component Browser:
    ./src/app/context/AdminC
ontext.js [Client Component 
Browser]
    ./src/app/admin/pizzas/p
age.js [Client Component 
Browser]
    ./src/app/admin/pizzas/p
age.js [Server Component]

  Client Component SSR:
    ./src/app/context/AdminC
ontext.js [Client Component 
SSR]
    ./src/app/admin/pizzas/p
age.js [Client Component 
SSR]
    ./src/app/admin/pizzas/p
age.js [Server Component]


./src/app/context/AdminConte
xt.js:4:1
Export DEFAULT_TOPPINGS 
doesn't exist in target 
module
[0m [90m  2 |[39m
 [90m  3 |[39m 
[36mimport[39m 
[33mReact[39m[33m,[39m 
{ createContext[33m,[39m 
useState[33m,[39m 
useEffect[33m,[39m 
useCallback[33m,[39m 
useContext } [36mfrom[39m 
[32m'react'[39m[33m;[39m
[31m[1m>[22m[39m[90m  
4 |[39m [36mimport[39m {
 [90m    |[39m [31m[1m^
[22m[39m[31m[1m^[22m[39
m[31m[1m^[22m[39m[31m[
1m^[22m[39m[31m[1m^[22m
[39m[31m[1m^[22m[39m[3
1m[1m^[22m[39m[31m[1m^
[22m[39m
[31m[1m>[22m[39m[90m  
5 |[39m     
loadPizzas[33m,[39m 
savePizzas[33m,[39m
 [90m    |[39m [31m[1m^
[22m[39m[31m[1m^[22m[39
m[31m[1m^[22m[39m[31m[
1m^[22m[39m[31m[1m^[22m
[39m[31m[1m^[22m[39m[3
1m[1m^[22m[39m[31m[1m^
[22m[39m[31m[1m^[22m[39
m[31m[1m^[22m[39m[31m[
1m^[22m[39m[31m[1m^[22m
[39m[31m[1m^[22m[39m[3
1m[1m^[22m[39m[31m[1m^
[22m[39m[31m[1m^[22m[39
m[31m[1m^[22m[39m[31m[
1m^[22m[39m[31m[1m^[22m
[39m[31m[1m^[22m[39m[3
1m[1m^[22m[39m[31m[1m^
[22m[39m[31m[1m^[22m[39
m[31m[1m^[22m[39m[31m[
1m^[22m[39m[31m[1m^[22m
[39m[31m[1m^[22m[39m
[31m[1m>[22m[39m[90m  
6 |[39m     
loadToppings[33m,[39m 
saveToppings[33m,[39m
 [90m    |[39m [31m[1m^
[22m[39m[31m[1m^[22m[39
m[31m[1m^[22m[39m[31m[
1m^[22m[39m[31m[1m^[22m
[39m[31m[1m^[22m[39m[3
1m[1m^[22m[39m[31m[1m^
[22m[39m[31m[1m^[22m[39
m[31m[1m^[22m[39m[31m[
1m^[22m[39m[31m[1m^[22m
[39m[31m[1m^[22m[39m[3
1m[1m^[22m[39m[31m[1m^
[22m[39m[31m[1m^[22m[39
m[31m[1m^[22m[39m[31m[
1m^[22m[39m[31m[1m^[22m
[39m[31m[1m^[22m[39m[3
1m[1m^[22m[39m[31m[1m^
[22m[39m[31m[1m^[22m[39
m[31m[1m^[22m[39m[31m[
1m^[22m[39m[31m[1m^[22m
[39m[31m[1m^[22m[39m
[31m[1m>[22m[39m[90m  
7 |[39m     
loadAllOrders[33m,[39m 
saveAllOrders[33m,[39m 
updateOrderStatus 
[36mas[39m updateOrderInSt
orage[33m,[39m
 [90m    |[39m [31m[1m^
[22m[39m[31m[1m^[22m[39
m[31m[1m^[22m[39m[31m[
1m^[22m[39m[31m[1m^[22m
[39m[31m[1m^[22m[39m[3
1m[1m^[22m[39m[31m[1m^
[22m[39m[31m[1m^[22m[39
m[31m[1m^[22m[39m[31m[
1m^[22m[39m[31m[1m^[22m
[39m[31m[1m^[22m[39m[3
1m[1m^[22m[39m[31m[1m^
[22m[39m[31m[1m^[22m[39
m[31m[1m^[22m[39m[31m[
1m^[22m[39m[31m[1m^[22m
[39m[31m[1m^[22m[39m[3
1m[1m^[22m[39m[31m[1m^
[22m[39m[31m[1m^[22m[39
m[31m[1m^[22m[39m[31m[
1m^[22m[39m[31m[1m^[22m
[39m[31m[1m^[22m[39m
[31m[1m>[22m[39m[90m  
8 |[39m     
isAdminLoggedIn[33m,[39m 
adminLogin [36mas[39m 
doAdminLogin[33m,[39m 
adminLogout [36mas[39m 
doAdminLogout[33m,[39m
 [90m    |[39m [31m[1m^
[22m[39m[31m[1m^[22m[39
m[31m[1m^[22m[39m[31m[
1m^[22m[39m[31m[1m^[22m
[39m[31m[1m^[22m[39m[3
1m[1m^[22m[39m[31m[1m^
[22m[39m[31m[1m^[22m[39
m[31m[1m^[22m[39m[31m[
1m^[22m[39m[31m[1m^[22m
[39m[31m[1m^[22m[39m[3
1m[1m^[22m[39m[31m[1m^
[22m[39m[31m[1m^[22m[39
m[31m[1m^[22m[39m[31m[
1m^[22m[39m[31m[1m^[22m
[39m[31m[1m^[22m[39m[3
1m[1m^[22m[39m[31m[1m^
[22m[39m[31m[1m^[22m[39
m[31m[1m^[22m[39m[31m[
1m^[22m[39m[31m[1m^[22m
[39m[31m[1m^[22m[39m
[31m[1m>[22m[39m[90m  
9 |[39m     
getAnalyticsData[33m,[39m
 [90m    |[39m [31m[1m^
[22m[39m[31m[1m^[22m[39
m[31m[1m^[22m[39m[31m[
1m^[22m[39m[31m[1m^[22m
[39m[31m[1m^[22m[39m[3
1m[1m^[22m[39m[31m[1m^
[22m[39m[31m[1m^[22m[39
m[31m[1m^[22m[39m[31m[
1m^[22m[39m[31m[1m^[22m
[39m[31m[1m^[22m[39m[3
1m[1m^[22m[39m[31m[1m^
[22m[39m[31m[1m^[22m[39
m[31m[1m^[22m[39m[31m[
1m^[22m[39m[31m[1m^[22m
[39m[31m[1m^[22m[39m[3
1m[1m^[22m[39m[31m[1m^
[22m[39m[31m[1m^[22m[39
m[31m[1m^[22m[39m[31m[
1m^[22m[39m[31m[1m^[22m
[39m[31m[1m^[22m[39m
[31m[1m>[22m[39m[90m 
10 |[39m     [33mDEFAULT_P
IZZAS[39m[33m,[39m 
[33mDEFAULT_TOPPINGS[39m
 [90m    |[39m [31m[1m^
[22m[39m[31m[1m^[22m[39
m[31m[1m^[22m[39m[31m[
1m^[22m[39m[31m[1m^[22m
[39m[31m[1m^[22m[39m[3
1m[1m^[22m[39m[31m[1m^
[22m[39m[31m[1m^[22m[39
m[31m[1m^[22m[39m[31m[
1m^[22m[39m[31m[1m^[22m
[39m[31m[1m^[22m[39m[3
1m[1m^[22m[39m[31m[1m^
[22m[39m[31m[1m^[22m[39
m[31m[1m^[22m[39m[31m[
1m^[22m[39m[31m[1m^[22m
[39m[31m[1m^[22m[39m[3
1m[1m^[22m[39m[31m[1m^
[22m[39m[31m[1m^[22m[39
m[31m[1m^[22m[39m[31m[
1m^[22m[39m[31m[1m^[22m
[39m[31m[1m^[22m[39m
[31m[1m>[22m[39m[90m 
11 |[39m } [36mfrom[39m 
[32m'../utils/adminStorageHe
lper'[39m[33m;[39m
 [90m    |[39m [31m[1m^
[22m[39m[31m[1m^[22m[39
m[31m[1m^[22m[39m[31m[
1m^[22m[39m[31m[1m^[22m
[39m[31m[1m^[22m[39m[3
1m[1m^[22m[39m[31m[1m^
[22m[39m[31m[1m^[22m[39
m[31m[1m^[22m[39m[31m[
1m^[22m[39m[31m[1m^[22m
[39m[31m[1m^[22m[39m[3
1m[1m^[22m[39m[31m[1m^
[22m[39m[31m[1m^[22m[39
m[31m[1m^[22m[39m[31m[
1m^[22m[39m[31m[1m^[22m
[39m[31m[1m^[22m[39m[3
1m[1m^[22m[39m[31m[1m^
[22m[39m[31m[1m^[22m[39
m[31m[1m^[22m[39m[31m[
1m^[22m[39m[31m[1m^[22m
[39m[31m[1m^[22m[39m[3
1m[1m^[22m[39m[31m[1m^
[22m[39m[31m[1m^[22m[39
m[31m[1m^[22m[39m[31m[
1m^[22m[39m[31m[1m^[22m
[39m[31m[1m^[22m[39m[3
1m[1m^[22m[39m[31m[1m^
[22m[39m[31m[1m^[22m[39
m[31m[1m^[22m[39m
 [90m 12 |[39m 
[36mimport[39m toast 
[36mfrom[39m [32m'react-h
ot-toast'[39m[33m;[39m
 [90m 13 |[39m
 [90m 14 |[39m 
[36mexport[39m 
[36mconst[39m 
[33mAdminContext[39m 
[33m=[39m createContext()
[33m;[39m[0m

The export DEFAULT_TOPPINGS 
was not found in module [pro
ject]/src/app/utils/adminSto
rageHelper.js [app-ssr] 
(ecmascript).
Did you mean to import 
isAdminLoggedIn?
All exports of the module 
are statically known (It 
doesn't have dynamic 
exports). So it's known 
statically that the 
requested export doesn't 
exist.

Import traces:
  Server Component:
    ./src/app/context/AdminC
ontext.js
    
./src/app/admin/layout.js

  Client Component Browser:
    ./src/app/context/AdminC
ontext.js [Client Component 
Browser]
    ./src/app/admin/pizzas/p
age.js [Client Component 
Browser]
    ./src/app/admin/pizzas/p
age.js [Server Component]

  Client Component SSR:
    ./src/app/context/AdminC
ontext.js [Client Component 
SSR]
    ./src/app/admin/pizzas/p
age.js [Client Component 
SSR]
    ./src/app/admin/pizzas/p
age.js [Server Component]


    at <unknown> (./src/app/
context/AdminContext.js:4:1)
    at <unknown> (./src/app/
context/AdminContext.js:4:1)
    at <unknown> (./src/app/
context/AdminContext.js:4:1)
    at <unknown> (./src/app/
context/AdminContext.js:4:1)
